
R version 4.1.2 (2021-11-01) -- "Bird Hippie"
Copyright (C) 2021 The R Foundation for Statistical Computing
Platform: x86_64-pc-linux-gnu (64-bit)

R is free software and comes with ABSOLUTELY NO WARRANTY.
You are welcome to redistribute it under certain conditions.
Type 'license()' or 'licence()' for distribution details.

  Natural language support but running in an English locale

R is a collaborative project with many contributors.
Type 'contributors()' for more information and
'citation()' on how to cite R or R packages in publications.

Type 'demo()' for some demos, 'help()' for on-line help, or
'help.start()' for an HTML browser interface to help.
Type 'q()' to quit R.

> ### analysis-test.R --- 
> ##----------------------------------------------------------------------
> ## Author: Brice Ozenne
> ## Created: mar  2 2022 (15:37) 
> ## Version: 
> ## Last-Updated: apr 19 2022 (11:42) 
> ##           By: Brice Ozenne
> ##     Update #: 91
> ##----------------------------------------------------------------------
> ## 
> ### Commentary: 
> ## 
> ### Change Log:
> ##----------------------------------------------------------------------
> ## 
> ### Code:
> 
> rm(list=ls())
> 
> ## * Parameters
> n.imputed <- 100 ## number of imputed datasets
> n.perm <- 1000 ## number of permutation for testing variable importance in random forest
> 
> ## * Path
> if(system("whoami",intern=TRUE)=="hpl802"){
+     ## nothing: on the server
+ }else if(system("whoami",intern=TRUE)=="unicph\\hpl802"){
+     setwd("c:/Users/hpl802/Documents/Github/article-predictionNP1BD3/")
+ }else{ ## 
+     setwd("Vibeke put your path here")
+ }
NULL
> path.code <- "./code-data-analysis"
> path.results <- "./results"
> 
> ## * Packages and function
> library(data.table)
> setDTthreads(1)
> library(ranger)
> library(mgcv)
Loading required package: nlme
This is mgcv 1.8-38. For overview type 'help("mgcv-package")'.
> library(mice)

Attaching package: ‘mice’

The following object is masked from ‘package:stats’:

    filter

The following objects are masked from ‘package:base’:

    cbind, rbind

> library(multcomp)
Loading required package: mvtnorm
Loading required package: survival
Loading required package: TH.data
Loading required package: MASS

Attaching package: ‘TH.data’

The following object is masked from ‘package:MASS’:

    geyser

> source(file.path(path.code,"FCT_glhtPool.R"))
> ## devtools::install_github("NightingaleHealth/ggforestplot")
> 
> name.predictor <- c("sex","age","MR_OFCthick","HAMD17","hsCRP","lvpet","cognitive_cluster","EEG_vigilance","CATS_scoretotal","CAR_AUCi","neuroticism")
> nameT.predictor <- c("MR_OFCthick","HAMD17","hsCRP","lvpet","cognitive_cluster","EEG_vigilance","CATS_scoretotal","CAR_AUCi","neuroticism")
> nameR.predictor <- c("female","age","MR_OFCthick","HAMD17","low_hsCRP","lvpet","cognitive_cluster2","cognitive_cluster3","EEG_vigilance")
> nameRT.predictor <- c("MR_OFCthick","HAMD17","low_hsCRP","lvpet","cognitive_cluster2","cognitive_cluster3","EEG_vigilance")
> 
> ## * Load data
> ## setwd("h:/SundKonsolidering_BioStatHome/Cluster/BrainDrug-WP3/")
> ## load(file.path(path.results,"test.Rdata"))
> source(file.path(path.code,"0-data-management.R"))
Data management 

> df.traj <- readRDS(file = file.path(path.results,"traj.Rdata"))
> print(dim(dfWR.NP1))
[1] 90 36
> 
> ## * Complete case 
> cat("Hypothesis testing: complete case \n")
Hypothesis testing: complete case 
> 
> ## ** Week 4
> cat(" - week 4:")
 - week 4:> 
> dfWR.NP1_ccw4 <- dfWR.NP1[rowSums(is.na(dfWR.NP1[,.SD,.SDcols = c("Y_w4",nameR.predictor)]))==0,]
> dfWR.NP1_ccw4S <- cbind(dfWR.NP1_ccw4[,c("Y_w4","female","low_hsCRP","cognitive_cluster2","cognitive_cluster3")],
+                         scale(dfWR.NP1_ccw4[,c("age","MR_OFCthick", "HAMD17", "lvpet", "EEG_vigilance")])
+                         )
> 
> ## *** Logistic
> cat(" glm")
 glm> 
> ff_ccw4 <- Y_w4 ~ female + age + MR_OFCthick + HAMD17 + low_hsCRP + lvpet + cognitive_cluster2 + cognitive_cluster3 + EEG_vigilance
> 
> e.glm0_ccw4 <- glm(Y_w4 ~ female + age, data = dfWR.NP1_ccw4, family = binomial(link = "logit"))
> e.glm_ccw4 <- glm(ff_ccw4, data = dfWR.NP1_ccw4, family = binomial(link = "logit"))
> 
> summary(e.glm_ccw4)

Call:
glm(formula = ff_ccw4, family = binomial(link = "logit"), data = dfWR.NP1_ccw4)

Deviance Residuals: 
    Min       1Q   Median       3Q      Max  
-1.5905  -0.9650  -0.6796   1.1372   1.8592  

Coefficients:
                   Estimate Std. Error z value Pr(>|z|)
(Intercept)         1.42609    6.87626   0.207    0.836
female             -0.71403    0.55712  -1.282    0.200
age                 0.03094    0.03093   1.000    0.317
MR_OFCthick        -0.61019    2.48044  -0.246    0.806
HAMD17             -0.02280    0.07997  -0.285    0.776
low_hsCRP           0.55787    0.64030   0.871    0.384
lvpet               0.66596    2.01920   0.330    0.742
cognitive_cluster2 -0.18641    0.56994  -0.327    0.744
cognitive_cluster3 -0.86503    0.63521  -1.362    0.173
EEG_vigilance      -0.11693    0.46760  -0.250    0.803

(Dispersion parameter for binomial family taken to be 1)

    Null deviance: 106.819  on 79  degrees of freedom
Residual deviance:  99.939  on 70  degrees of freedom
AIC: 119.94

Number of Fisher Scoring iterations: 4

> ## Coefficients:
> ##                    Estimate Std. Error z value Pr(>|z|)
> ## (Intercept)         1.42609    6.87626   0.207    0.836
> ## female             -0.71403    0.55712  -1.282    0.200
> ## age                 0.03094    0.03093   1.000    0.317
> ## MR_OFCthick        -0.61019    2.48044  -0.246    0.806
> ## HAMD17             -0.02280    0.07997  -0.285    0.776
> ## low_hsCRP           0.55787    0.64030   0.871    0.384
> ## lvpet               0.66596    2.01920   0.330    0.742
> ## cognitive_cluster2 -0.18641    0.56994  -0.327    0.744
> ## cognitive_cluster3 -0.86503    0.63521  -1.362    0.173
> ## EEG_vigilance      -0.11693    0.46760  -0.250    0.803
> 
> ## (Dispersion parameter for binomial family taken to be 1)
> 
> ##     Null deviance: 106.819  on 79  degrees of freedom
> ## Residual deviance:  99.939  on 70  degrees of freedom
> 
> anova(e.glm_ccw4,e.glm0_ccw4, test = "Chisq")
Analysis of Deviance Table

Model 1: Y_w4 ~ female + age + MR_OFCthick + HAMD17 + low_hsCRP + lvpet + 
    cognitive_cluster2 + cognitive_cluster3 + EEG_vigilance
Model 2: Y_w4 ~ female + age
  Resid. Df Resid. Dev Df Deviance Pr(>Chi)
1        70     99.939                     
2        77    103.744 -7  -3.8045    0.802
> ## Analysis of Deviance Table
> 
> ## Model 1: Y_w4 ~ female + age + MR_OFCthick + HAMD17 + low_hsCRP + lvpet + 
> ##     cognitive_cluster2 + cognitive_cluster3 + EEG_vigilance
> ## Model 2: Y_w4 ~ female + age
> ##   Resid. Df Resid. Dev Df Deviance Pr(>Chi)
> ## 1        70     99.939                     
> ## 2        77    103.744 -7  -3.8045    0.802
> 
> ## table(EEG = dfWR.NP1_ccw8$EEG_vigilance, recovery = dfWR.NP1_ccw8$Y_w8, cluster3 = dfWR.NP1_ccw8$cognitive_cluster3)
> 
> ## with rescaled predictors
> e.glm_ccw4S <- update(e.glm_ccw4, data = dfWR.NP1_ccw4S)
> 
> ## *** Random forest
> cat(" ranger")
 ranger> e.ranger_ccw4 <- ranger(ff_ccw4, data = dfWR.NP1_ccw4, probability = TRUE)
> ## ranger(ff_ccw4, data = dfWR.NP1_ccw4, probability = TRUE, num.trees = 5000, mtry = 1, min.node.size = 5)
> e.rangerPerm_ccw4 <- importance_pvalues(ranger(ff_ccw4, data = dfWR.NP1_ccw4, importance = "permutation"), method = "altmann", 
+                                         formula = ff_ccw4, data = dfWR.NP1_ccw4, num.permutations = n.perm)
> e.rangerPerm_ccw4
                     importance     pvalue
female             -0.005050352 0.87712288
age                 0.014619360 0.13286713
MR_OFCthick         0.005017177 0.31168831
HAMD17             -0.010677397 0.88411588
low_hsCRP          -0.001844354 0.58041958
lvpet               0.004339543 0.32067932
cognitive_cluster2 -0.001141142 0.50149850
cognitive_cluster3  0.007457326 0.07892108
EEG_vigilance      -0.003902622 0.71028971
> ##                       importance     pvalue
> ## female             -0.0004630476 0.45354645
> ## age                 0.0111673221 0.16983017
> ## MR_OFCthick         0.0028598950 0.35864136
> ## HAMD17             -0.0036899090 0.60539461
> ## low_hsCRP          -0.0029902081 0.73926074
> ## lvpet               0.0075185611 0.24375624
> ## cognitive_cluster2 -0.0007050308 0.48451548
> ## cognitive_cluster3  0.0092599240 0.06293706
> ## EEG_vigilance      -0.0018836544 0.54645355
> 
> cat(" \n")
 
> 
> ## ** week 8
> cat(" - week 8:")
 - week 8:> 
> dfWR.NP1_ccw8 <- dfWR.NP1[rowSums(is.na(dfWR.NP1[,.SD,.SDcols = c("Y_w8",nameR.predictor)]))==0,]
> dfWR.NP1_ccw8S <- cbind(dfWR.NP1_ccw8[,c("Y_w8","female","low_hsCRP","cognitive_cluster2","cognitive_cluster3")],
+                         scale(dfWR.NP1_ccw8[,c("age","MR_OFCthick", "HAMD17", "lvpet", "EEG_vigilance")])
+                         )
> 
> ## dfWR.NP1[,c("Y_w8","NP1_comment")]
> ## dfWR.NP1[dfWR.NP1$NP1_comment == "Drop-out at week 7. Suicidal attempt, did not want more medicine.",]
> 
> ## *** Logistic
> cat(" glm")
 glm> 
> ff_ccw8 <- Y_w8 ~ female + age + MR_OFCthick + HAMD17 + low_hsCRP + lvpet + cognitive_cluster2 + cognitive_cluster3 + EEG_vigilance
> e.glm0_ccw8 <- glm(Y_w8 ~ female + age, data = dfWR.NP1_ccw8, family = binomial(link = "logit"))
> summary(e.glm0_ccw8)

Call:
glm(formula = Y_w8 ~ female + age, family = binomial(link = "logit"), 
    data = dfWR.NP1_ccw8)

Deviance Residuals: 
   Min      1Q  Median      3Q     Max  
-1.815  -1.117   0.727   1.135   1.313  

Coefficients:
            Estimate Std. Error z value Pr(>|z|)
(Intercept) -0.73199    0.92281  -0.793    0.428
female      -0.46970    0.52768  -0.890    0.373
age          0.04435    0.02977   1.490    0.136

(Dispersion parameter for binomial family taken to be 1)

    Null deviance: 109.20  on 78  degrees of freedom
Residual deviance: 105.84  on 76  degrees of freedom
AIC: 111.84

Number of Fisher Scoring iterations: 4

> ## Coefficients:
> ##             Estimate Std. Error z value Pr(>|z|)
> ## (Intercept) -0.73199    0.92281  -0.793    0.428
> ## female      -0.46970    0.52768  -0.890    0.373
> ## age          0.04435    0.02977   1.490    0.136
> 
> ## (Dispersion parameter for binomial family taken to be 1)
> 
> ##     Null deviance: 109.20  on 78  degrees of freedom
> ## Residual deviance: 105.84  on 76  degrees of freedom
> e.glm_ccw8 <- glm(ff_ccw8,
+                   data = dfWR.NP1_ccw8, family = binomial(link = "logit"))
> summary(e.glm_ccw8)

Call:
glm(formula = ff_ccw8, family = binomial(link = "logit"), data = dfWR.NP1_ccw8)

Deviance Residuals: 
    Min       1Q   Median       3Q      Max  
-2.3968  -0.9510   0.5652   0.9269   1.5505  

Coefficients:
                   Estimate Std. Error z value Pr(>|z|)  
(Intercept)         7.74974    7.71591   1.004   0.3152  
female             -0.45764    0.59550  -0.768   0.4422  
age                 0.05362    0.03862   1.388   0.1650  
MR_OFCthick        -4.34680    2.84081  -1.530   0.1260  
HAMD17              0.08075    0.08310   0.972   0.3312  
low_hsCRP           0.82377    0.63638   1.294   0.1955  
lvpet              -1.20918    2.08358  -0.580   0.5617  
cognitive_cluster2 -0.50806    0.62220  -0.817   0.4142  
cognitive_cluster3 -1.39105    0.67730  -2.054   0.0400 *
EEG_vigilance      -1.23341    0.54858  -2.248   0.0246 *
---
Signif. codes:  0 ‘***’ 0.001 ‘**’ 0.01 ‘*’ 0.05 ‘.’ 0.1 ‘ ’ 1

(Dispersion parameter for binomial family taken to be 1)

    Null deviance: 109.201  on 78  degrees of freedom
Residual deviance:  92.452  on 69  degrees of freedom
AIC: 112.45

Number of Fisher Scoring iterations: 4

> ## Coefficients:
> ##                    Estimate Std. Error z value Pr(>|z|)  
> ## (Intercept)         7.74974    7.71591   1.004   0.3152  
> ## female             -0.45764    0.59550  -0.768   0.4422  
> ## age                 0.05362    0.03862   1.388   0.1650  
> ## MR_OFCthick        -4.34680    2.84081  -1.530   0.1260  
> ## HAMD17              0.08075    0.08310   0.972   0.3312  
> ## low_hsCRP           0.82377    0.63638   1.294   0.1955  
> ## lvpet              -1.20918    2.08358  -0.580   0.5617  
> ## cognitive_cluster2 -0.50806    0.62220  -0.817   0.4142  
> ## cognitive_cluster3 -1.39105    0.67730  -2.054   0.0400 *
> ## EEG_vigilance      -1.23341    0.54858  -2.248   0.0246 *
> ## ---
> ## Signif. codes:  0 '***' 0.001 '**' 0.01 '*' 0.05 '.' 0.1 ' ' 1
> 
> ## (Dispersion parameter for binomial family taken to be 1)
> 
> ##     Null deviance: 109.201  on 78  degrees of freedom
> ## Residual deviance:  92.452  on 69  degrees of freedom
> 
> anova(e.glm_ccw8,e.glm0_ccw8, test = "Chisq")
Analysis of Deviance Table

Model 1: Y_w8 ~ female + age + MR_OFCthick + HAMD17 + low_hsCRP + lvpet + 
    cognitive_cluster2 + cognitive_cluster3 + EEG_vigilance
Model 2: Y_w8 ~ female + age
  Resid. Df Resid. Dev Df Deviance Pr(>Chi)  
1        69     92.452                       
2        76    105.838 -7  -13.387  0.06323 .
---
Signif. codes:  0 ‘***’ 0.001 ‘**’ 0.01 ‘*’ 0.05 ‘.’ 0.1 ‘ ’ 1
> ## Model 1: Y_w8 ~ female + age + MR_OFCthick + HAMD17 + low_hsCRP + lvpet + 
> ##     cognitive_cluster2 + cognitive_cluster3 + EEG_vigilance
> ## Model 2: Y_w8 ~ female + age
> ##   Resid. Df Resid. Dev Df Deviance Pr(>Chi)  
> ## 1        69     92.452                       
> ## 2        76    105.838 -7  -13.387  0.06323 .
> ## ---
> ## Signif. codes:  0 '***' 0.001 '**' 0.01 '*' 0.05 '.' 0.1 ' ' 1
> 
> ## table(EEG = dfWR.NP1_ccw8$EEG_vigilance, recovery = dfWR.NP1_ccw8$Y_w8, cluster3 = dfWR.NP1_ccw8$cognitive_cluster3)
> 
> ## with rescaled predictors
> e.glm_ccw8S <- update(e.glm_ccw8, data = dfWR.NP1_ccw8S)
> 
> ## *** Random Forest
> cat(" ranger")
 ranger> e.ranger_ccw8 <- ranger(ff_ccw8, data = dfWR.NP1_ccw8, probability = TRUE)
> ## ranger(ff_ccw8, data = dfWR.NP1_ccw8, probability = TRUE, num.trees = 5000, mtry = 1, min.node.size = 5)
> e.rangerPerm_ccw8 <- importance_pvalues(ranger(ff_ccw8, data = dfWR.NP1_ccw8, importance = "permutation"), method = "altmann", 
+                                         formula = ff_ccw8, data = dfWR.NP1_ccw8, num.permutations = n.perm)
> e.rangerPerm_ccw8
                      importance     pvalue
female             -0.0052458023 0.87412587
age                 0.0116987320 0.14385614
MR_OFCthick         0.0076690057 0.25974026
HAMD17              0.0055072981 0.25674326
low_hsCRP          -0.0042825411 0.83916084
lvpet              -0.0103063187 0.77922078
cognitive_cluster2 -0.0005347263 0.44255744
cognitive_cluster3  0.0098227172 0.03896104
EEG_vigilance       0.0055136599 0.18881119
> ##                       importance    pvalue
> ## female             -0.0046622586 0.8501499
> ## age                 0.0038266849 0.3256743
> ## MR_OFCthick         0.0084196899 0.2327672
> ## HAMD17              0.0025092369 0.3646354
> ## low_hsCRP          -0.0011115631 0.5254745
> ## lvpet              -0.0073080258 0.6933067
> ## cognitive_cluster2  0.0005137546 0.3696304
> ## cognitive_cluster3  0.0058086586 0.1238761
> ## EEG_vigilance       0.0034149398 0.2527473
> 
> ## *** Splines
> cat(" gam")
 gam> e.gam_ccw8 <- gam(Y_w8 ~ female + age + s(lvpet), data = dfWR.NP1_ccw8, family = binomial(link = "logit"))
> summary(e.gam_ccw8)

Family: binomial 
Link function: logit 

Formula:
Y_w8 ~ female + age + s(lvpet)

Parametric coefficients:
            Estimate Std. Error z value Pr(>|z|)  
(Intercept) -0.76237    0.95158  -0.801   0.4230  
female      -0.71642    0.56185  -1.275   0.2023  
age          0.05198    0.03070   1.693   0.0904 .
---
Signif. codes:  0 ‘***’ 0.001 ‘**’ 0.01 ‘*’ 0.05 ‘.’ 0.1 ‘ ’ 1

Approximate significance of smooth terms:
           edf Ref.df Chi.sq p-value
s(lvpet) 2.797  3.566   4.38   0.302

R-sq.(adj) =  0.0594   Deviance explained = 9.01%
UBRE = 0.40445  Scale est. = 1         n = 79
> ## plot(e.gam_ccw8)
> 
> ## Parametric coefficients:
> ##             Estimate Std. Error z value Pr(>|z|)  
> ## (Intercept) -0.76237    0.95158  -0.801   0.4230  
> ## female      -0.71642    0.56185  -1.275   0.2023  
> ## age          0.05198    0.03070   1.693   0.0904 .
> ## ---
> ## Signif. codes:  0 '***' 0.001 '**' 0.01 '*' 0.05 '.' 0.1 ' ' 1
> 
> ## Approximate significance of smooth terms:
> ##            edf Ref.df Chi.sq p-value
> ## s(lvpet) 2.797  3.566   4.38   0.302
> 
> ## R-sq.(adj) =  0.0594   Deviance explained = 9.01%
> ## UBRE = 0.40445  Scale est. = 1         n = 79
> 
> 
> cat("\n")

> 
> ## ** week 12
> cat(" - week 12:")
 - week 12:> 
> dfWR.NP1_ccw12 <- dfWR.NP1[rowSums(is.na(dfWR.NP1[,.SD,.SDcols = c("Y_w12",nameR.predictor)]))==0,]
> dfWR.NP1_ccw12S <- cbind(dfWR.NP1_ccw12[,c("Y_w12","female","low_hsCRP","cognitive_cluster2","cognitive_cluster3")],
+                       scale(dfWR.NP1_ccw12[,c("age","MR_OFCthick", "HAMD17", "lvpet", "EEG_vigilance")])
+                       )
> 
> ## *** Logistic
> cat(" glm")
 glm> 
> ff_ccw12 <- Y_w12 ~ female + age + MR_OFCthick + HAMD17 + low_hsCRP + lvpet + cognitive_cluster2 + cognitive_cluster3 + EEG_vigilance
> e.glm0_ccw12 <- glm(Y_w12 ~ female + age, data = dfWR.NP1_ccw12, family = binomial(link = "logit"))
> summary(e.glm0_ccw12)

Call:
glm(formula = Y_w12 ~ female + age, family = binomial(link = "logit"), 
    data = dfWR.NP1_ccw12)

Deviance Residuals: 
    Min       1Q   Median       3Q      Max  
-1.8831  -1.2375   0.6820   0.9419   1.1554  

Coefficients:
            Estimate Std. Error z value Pr(>|z|)  
(Intercept) -1.76678    1.45414  -1.215   0.2244  
female      -0.43547    0.60565  -0.719   0.4721  
age          0.11368    0.05473   2.077   0.0378 *
---
Signif. codes:  0 ‘***’ 0.001 ‘**’ 0.01 ‘*’ 0.05 ‘.’ 0.1 ‘ ’ 1

(Dispersion parameter for binomial family taken to be 1)

    Null deviance: 93.903  on 76  degrees of freedom
Residual deviance: 86.546  on 74  degrees of freedom
AIC: 92.546

Number of Fisher Scoring iterations: 5

> ## Coefficients:
> ##             Estimate Std. Error z value Pr(>|z|)  
> ## (Intercept) -1.76678    1.45414  -1.215   0.2244  
> ## female      -0.43547    0.60565  -0.719   0.4721  
> ## age          0.11368    0.05473   2.077   0.0378 *
> ## ---
> e.glm_ccw12 <- glm(ff_ccw12, data = dfWR.NP1_ccw12, family = binomial(link = "logit"))
> summary(e.glm_ccw12)

Call:
glm(formula = ff_ccw12, family = binomial(link = "logit"), data = dfWR.NP1_ccw12)

Deviance Residuals: 
    Min       1Q   Median       3Q      Max  
-2.1460  -0.7662   0.5206   0.7859   1.3990  

Coefficients:
                   Estimate Std. Error z value Pr(>|z|)  
(Intercept)        15.03965    8.62405   1.744   0.0812 .
female             -0.39300    0.67454  -0.583   0.5601  
age                 0.09821    0.06238   1.574   0.1154  
MR_OFCthick        -6.75349    3.09440  -2.182   0.0291 *
HAMD17              0.07033    0.09127   0.771   0.4409  
low_hsCRP           0.59041    0.73156   0.807   0.4196  
lvpet               1.36541    2.34886   0.581   0.5610  
cognitive_cluster2 -0.87933    0.69838  -1.259   0.2080  
cognitive_cluster3 -0.43560    0.77869  -0.559   0.5759  
EEG_vigilance       0.18026    0.53226   0.339   0.7349  
---
Signif. codes:  0 ‘***’ 0.001 ‘**’ 0.01 ‘*’ 0.05 ‘.’ 0.1 ‘ ’ 1

(Dispersion parameter for binomial family taken to be 1)

    Null deviance: 93.903  on 76  degrees of freedom
Residual deviance: 77.716  on 67  degrees of freedom
AIC: 97.716

Number of Fisher Scoring iterations: 5

> ## Coefficients:
> ##                    Estimate Std. Error z value Pr(>|z|)  
> ## (Intercept)        15.03965    8.62405   1.744   0.0812 .
> ## female             -0.39300    0.67454  -0.583   0.5601  
> ## age                 0.09821    0.06238   1.574   0.1154  
> ## MR_OFCthick        -6.75349    3.09440  -2.182   0.0291 *
> ## HAMD17              0.07033    0.09127   0.771   0.4409  
> ## low_hsCRP           0.59041    0.73156   0.807   0.4196  
> ## lvpet               1.36541    2.34886   0.581   0.5610  
> ## cognitive_cluster2 -0.87933    0.69838  -1.259   0.2080  
> ## cognitive_cluster3 -0.43560    0.77869  -0.559   0.5759  
> ## EEG_vigilance       0.18026    0.53226   0.339   0.7349  
> ## ---
> ## Signif. codes:  0 '***' 0.001 '**' 0.01 '*' 0.05 '.' 0.1 ' ' 1
> 
> ## (Dispersion parameter for binomial family taken to be 1)
> 
> ##     Null deviance: 93.903  on 76  degrees of freedom
> ## Residual deviance: 77.716  on 67  degrees of freedom
> 
> ##     Null deviance: 83.100  on 71  degrees of freedom
> ## anova(e.glm_ccw12,e.glm0_ccw12, test = "Chisq")
> ## Model 1: Y_w12 ~ female + age + MR_OFCthick + HAMD17 + low_hsCRP + lvpet + 
> ##     cognitive_cluster2 + cognitive_cluster3 + EEG_vigilance
> ## Model 2: Y_w12 ~ female + age
> ##   Resid. Df Resid. Dev Df Deviance Pr(>Chi)
> ## 1        67     77.716                     
> ## 2        74     86.546 -7  -8.8302   0.2651
> 
> ## with rescaled predictors
> e.glm_ccw12S <- update(e.glm_ccw12, data = dfWR.NP1_ccw12S)
> 
> ## *** Random Forests
> cat(" ranger")
 ranger> e.ranger_ccw12 <- ranger(ff_ccw12, data = dfWR.NP1_ccw12, probability = TRUE)
> ## ranger(ff_ccw12, data = dfWR.NP1_ccw12, probability = TRUE, mtry = 5, num.trees = 5000)
> e.rangerPerm_ccw12 <- importance_pvalues(ranger(ff_ccw12, data = dfWR.NP1_ccw12, importance = "permutation"), method = "altmann", 
+                                          formula = ff_ccw12, data = dfWR.NP1_ccw12, num.permutations = n.perm)
> 
> e.rangerPerm_ccw12
                      importance     pvalue
female             -0.0035052660 0.77222777
age                -0.0012492394 0.51648352
MR_OFCthick         0.0162901528 0.08991009
HAMD17              0.0005552010 0.43556444
low_hsCRP          -0.0032353282 0.83016983
lvpet               0.0220453069 0.03696304
cognitive_cluster2  0.0028633418 0.21178821
cognitive_cluster3 -0.0008492188 0.49850150
EEG_vigilance       0.0041917164 0.21078921
> ##                       importance     pvalue
> ## female             -0.0024742853 0.67132867
> ## age                 0.0040111433 0.34065934
> ## MR_OFCthick         0.0133738696 0.13186813
> ## HAMD17              0.0004376103 0.45854146
> ## low_hsCRP          -0.0029191690 0.77022977
> ## lvpet               0.0243561290 0.02597403
> ## cognitive_cluster2  0.0043251049 0.15184815
> ## cognitive_cluster3 -0.0025604673 0.66433566
> ## EEG_vigilance       0.0017273760 0.28471528
> 
> e.ranger0_ccw12 <- ranger(Y_w12 ~ sex + age + lvpet, data = dfWR.NP1_ccw12, probability = TRUE)
> e.rangerPerm0_ccw12 <- importance_pvalues(ranger(Y_w12 ~ sex + age + lvpet, data = dfWR.NP1_ccw12, importance = "permutation"),
+                                           method = "altmann", num.permutations = n.perm,
+                                           formula = Y_w12 ~ sex + age + lvpet, data = dfWR.NP1_ccw12)
> ##         importance     pvalue
> ## sex   -0.002760504 0.58941059
> ## age    0.005451897 0.28371628
> ## lvpet  0.024336625 0.03696304
> ## *** splines
> cat(" gam")
 gam> e.gam_ccw12 <- gam(Y_w12 ~ female + age + s(lvpet), data = dfWR.NP1_ccw12, family = binomial(link = "logit"))
> summary(e.gam_ccw12)

Family: binomial 
Link function: logit 

Formula:
Y_w12 ~ female + age + s(lvpet)

Parametric coefficients:
            Estimate Std. Error z value Pr(>|z|)  
(Intercept) -2.60771    1.66854  -1.563   0.1181  
female      -0.78605    0.71579  -1.098   0.2721  
age          0.15884    0.06378   2.491   0.0128 *
---
Signif. codes:  0 ‘***’ 0.001 ‘**’ 0.01 ‘*’ 0.05 ‘.’ 0.1 ‘ ’ 1

Approximate significance of smooth terms:
           edf Ref.df Chi.sq p-value  
s(lvpet) 2.594  3.316  10.26   0.022 *
---
Signif. codes:  0 ‘***’ 0.001 ‘**’ 0.01 ‘*’ 0.05 ‘.’ 0.1 ‘ ’ 1

R-sq.(adj) =  0.238   Deviance explained = 25.8%
UBRE = 0.050144  Scale est. = 1         n = 77
> ## Parametric coefficients:
> ##             Estimate Std. Error z value Pr(>|z|)  
> ## (Intercept) -2.60771    1.66854  -1.563   0.1181  
> ## female      -0.78605    0.71579  -1.098   0.2721  
> ## age          0.15884    0.06378   2.491   0.0128 *
> ## ---
> ## Signif. codes:  0 '***' 0.001 '**' 0.01 '*' 0.05 '.' 0.1 ' ' 1
> 
> ## Approximate significance of smooth terms:
> ##            edf Ref.df Chi.sq p-value  
> ## s(lvpet) 2.594  3.316  10.26   0.022 *
> ## ---
> ## Signif. codes:  0 '***' 0.001 '**' 0.01 '*' 0.05 '.' 0.1 ' ' 1
> ## plot(e.gam_ccw12)
> 
> 
> cat("\n")

> 
> ## ** trajectory
> cat(" - trajectory :")
 - trajectory :> 
> dfWR.NP1_cctraj <- merge(dfWR.NP1[rowSums(is.na(dfWR.NP1[,.SD,.SDcols = c(nameR.predictor)]))==0,],
+                          df.traj, by = "CIMBI_ID")
> dfWR.NP1_cctraj$Y_traj <- (dfWR.NP1_cctraj$class == 2)
>     
> dfWR.NP1_cctrajS <- cbind(dfWR.NP1[,c("CIMBI_ID","Y_w12","female","low_hsCRP","cognitive_cluster2","cognitive_cluster3")],
+                       scale(dfWR.NP1[,c("age","MR_OFCthick", "HAMD17", "lvpet", "EEG_vigilance")])
+                       )
> dfWR.NP1_cctrajS <- dfWR.NP1_cctrajS[rowSums(is.na(dfWR.NP1_cctrajS[,.SD,.SDcols = c(nameR.predictor)]))==0,]
> dfWR.NP1_cctrajS <- merge(dfWR.NP1_cctrajS,
+                           df.traj, by = "CIMBI_ID")
> dfWR.NP1_cctrajS$Y_traj <- (dfWR.NP1_cctrajS$class == 2)
> 
> ## *** Logistic
> cat(" glm")
 glm> 
> ff_cctraj <- Y_traj ~ female + age + MR_OFCthick + HAMD17 + low_hsCRP + lvpet + cognitive_cluster2 + cognitive_cluster3 + EEG_vigilance
> e.glm0_cctraj <- glm(Y_traj ~ female + age, data = dfWR.NP1_cctraj, family = binomial(link = "logit"))
> summary(e.glm0_cctraj)

Call:
glm(formula = Y_traj ~ female + age, family = binomial(link = "logit"), 
    data = dfWR.NP1_cctraj)

Deviance Residuals: 
    Min       1Q   Median       3Q      Max  
-1.6444  -0.8532  -0.7995   1.0026   1.6199  

Coefficients:
            Estimate Std. Error z value Pr(>|z|)   
(Intercept) -0.08984    0.88022  -0.102  0.91871   
female      -1.37750    0.52788  -2.610  0.00907 **
age          0.02339    0.02760   0.848  0.39662   
---
Signif. codes:  0 ‘***’ 0.001 ‘**’ 0.01 ‘*’ 0.05 ‘.’ 0.1 ‘ ’ 1

(Dispersion parameter for binomial family taken to be 1)

    Null deviance: 108.70  on 80  degrees of freedom
Residual deviance: 100.71  on 78  degrees of freedom
AIC: 106.71

Number of Fisher Scoring iterations: 4

> ## Coefficients:
> ##             Estimate Std. Error z value Pr(>|z|)   
> ## (Intercept) -0.08984    0.88022  -0.102  0.91871   
> ## female      -1.37750    0.52788  -2.610  0.00907 **
> ## age          0.02339    0.02760   0.848  0.39662   
> ## ---
> e.glm_cctraj <- glm(ff_cctraj, data = dfWR.NP1_cctraj, family = binomial(link = "logit"))
> summary(e.glm_cctraj)

Call:
glm(formula = ff_cctraj, family = binomial(link = "logit"), data = dfWR.NP1_cctraj)

Deviance Residuals: 
    Min       1Q   Median       3Q      Max  
-1.8512  -0.7998  -0.5243   0.9235   2.2625  

Coefficients:
                   Estimate Std. Error z value Pr(>|z|)  
(Intercept)        13.92152    7.88782   1.765   0.0776 .
female             -1.31928    0.56957  -2.316   0.0205 *
age                 0.03410    0.03257   1.047   0.2952  
MR_OFCthick        -5.47143    2.96578  -1.845   0.0651 .
HAMD17             -0.04435    0.08146  -0.544   0.5861  
low_hsCRP           1.07691    0.68877   1.564   0.1179  
lvpet              -0.29187    2.11665  -0.138   0.8903  
cognitive_cluster2 -0.46571    0.61768  -0.754   0.4509  
cognitive_cluster3 -0.74402    0.67515  -1.102   0.2705  
EEG_vigilance      -1.09822    0.59381  -1.849   0.0644 .
---
Signif. codes:  0 ‘***’ 0.001 ‘**’ 0.01 ‘*’ 0.05 ‘.’ 0.1 ‘ ’ 1

(Dispersion parameter for binomial family taken to be 1)

    Null deviance: 108.695  on 80  degrees of freedom
Residual deviance:  90.514  on 71  degrees of freedom
AIC: 110.51

Number of Fisher Scoring iterations: 4

> ## Coefficients:
> ##                    Estimate Std. Error z value Pr(>|z|)  
> ## (Intercept)        13.92152    7.88782   1.765   0.0776 .
> ## female             -1.31928    0.56957  -2.316   0.0205 *
> ## age                 0.03410    0.03257   1.047   0.2952  
> ## MR_OFCthick        -5.47143    2.96578  -1.845   0.0651 .
> ## HAMD17             -0.04435    0.08146  -0.544   0.5861  
> ## low_hsCRP           1.07691    0.68877   1.564   0.1179  
> ## lvpet              -0.29187    2.11665  -0.138   0.8903  
> ## cognitive_cluster2 -0.46571    0.61768  -0.754   0.4509  
> ## cognitive_cluster3 -0.74402    0.67515  -1.102   0.2705  
> ## EEG_vigilance      -1.09822    0.59381  -1.849   0.0644 .
> 
> ## (Dispersion parameter for binomial family taken to be 1)
> 
> ##     Null deviance: 83.234  on 80  degrees of freedom
> ## Residual deviance: 71.611  on 71  degrees of freedom
> 
> ## Model 1: Y_traj ~ female + age + MR_OFCthick + HAMD17 + low_hsCRP + lvpet + 
> ##     cognitive_cluster2 + cognitive_cluster3 + EEG_vigilance
> ## Model 2: Y_traj ~ female + age
> ##   Resid. Df Resid. Dev Df Deviance Pr(>Chi)
> ## 1        71     71.611                     
> ## 2        78     82.760 -7  -11.149   0.1323
> 
> ## with rescaled predictors
> e.glm_cctrajS <- update(e.glm_cctraj, data = dfWR.NP1_cctrajS)
> 
> ## *** Random Forests
> cat(" ranger")
 ranger> e.ranger_cctraj <- ranger(ff_cctraj, data = dfWR.NP1_cctraj, probability = TRUE)
> e.rangerPerm_cctraj <- importance_pvalues(ranger(ff_cctraj, data = dfWR.NP1_cctraj, importance = "permutation"), method = "altmann", 
+                                          formula = ff_cctraj, data = dfWR.NP1_cctraj, num.permutations = n.perm)
> 
> e.rangerPerm_cctraj
                      importance     pvalue
female              0.0063222447 0.11288711
age                -0.0051448292 0.63236763
MR_OFCthick         0.0251098173 0.03696304
HAMD17             -0.0037318881 0.61838162
low_hsCRP           0.0029331137 0.17482517
lvpet               0.0097394583 0.18381618
cognitive_cluster2 -0.0007894867 0.49750250
cognitive_cluster3  0.0003355789 0.35364635
EEG_vigilance       0.0010230632 0.35064935
> ##                       importance     pvalue
> ## female              9.870658e-03 0.04995005
> ## age                -5.788001e-03 0.68831169
> ## MR_OFCthick         2.433673e-02 0.04195804
> ## HAMD17             -3.836832e-05 0.44455544
> ## low_hsCRP           3.632479e-03 0.16983017
> ## lvpet               4.115457e-03 0.32167832
> ## cognitive_cluster2  9.556867e-04 0.32967033
> ## cognitive_cluster3  1.279328e-03 0.27672328
> ## EEG_vigilance       1.015483e-03 0.36263736
> 
> ## * Multiple imputation
> cat("\nHypothesis testing: multiple imputation\n")

Hypothesis testing: multiple imputation
> ## ** week 4
> cat(" - week 4: original")
 - week 4: original> dfWR.NP1_w4 <- dfWR.NP1[!is.na(dfWR.NP1$Y_w4),]
> dfWR.NP1_2impw4 <- dfWR.NP1_w4[,.SD,.SDcols=c("Y_w4", "sex", "age", "MR_OFCthick", "HAMD17", "hsCRP", "lvpet", "cognitive_cluster",
+                                               "EEG_vigilance", "CATS_scoretotal", "CAR_AUCi", "neuroticism")]
> dfWR.NP1_2impw4$hsCRP <- as.factor(dfWR.NP1_2impw4$hsCRP)
> dfWR.NP1_2impw4$cognitive_cluster <- as.factor(dfWR.NP1_2impw4$cognitive_cluster)
> 
> Mlink_w4 <- matrix(0, NCOL(dfWR.NP1_2impw4), NCOL(dfWR.NP1_2impw4), dimnames = list(names(dfWR.NP1_2impw4),names(dfWR.NP1_2impw4)))
> Mlink_w4[setdiff(names(which(colSums(is.na(dfWR.NP1_2impw4))>0)),"Y_w4"),] <- 1
> diag(Mlink_w4) <- 0
> 
> dfWRimp.NP1_w4 <- mice(dfWR.NP1_2impw4,
+                        m=n.imputed,
+                        maxit = 50, # number of iterations to obtain the imputed dataset
+                        predictorMatrix = Mlink_w4,
+                        method = c("","","","","","logreg","norm.predict","polr","norm.predict","norm.predict","norm.predict","norm.predict"), 
+                        seed = 500, printFlag = FALSE)
> ## stripplot(dfWRimp.NP1_w4, hsCRP ~ .imp, pch=20,cex=2)
> ## stripplot(dfWRimp.NP1_w4, lvpet ~ .imp, pch=20,cex=2)
> ## stripplot(dfWRimp.NP1_w4, cognitive_cluster ~ .imp, pch=20,cex=2)
> ## stripplot(dfWRimp.NP1_w4, EEG_vigilance ~ .imp, pch=20,cex=2)
> ## stripplot(dfWRimp.NP1_w4, CATS_scoretotal ~ .imp, pch=20,cex=2)
> ## stripplot(dfWRimp.NP1_w4, CAR_AUCi ~ .imp, pch=20,cex=2)
> ## stripplot(dfWRimp.NP1_w4, neuroticism ~ .imp, pch=20,cex=2)
> 
> e.glm_impw4 <- with(data = dfWRimp.NP1_w4,
+                     glm(Y_w4 ~ sex + age + MR_OFCthick + HAMD17 + hsCRP + lvpet + cognitive_cluster + EEG_vigilance + CATS_scoretotal + CAR_AUCi + neuroticism,
+                         family = binomial(link = "logit"))
+                     )
> 
> summary(pool(e.glm_impw4))
                 term      estimate   std.error   statistic       df    p.value
1         (Intercept) -0.2925515555 7.377320067 -0.03965553 74.00585 0.96847454
2           sexfemale -1.1500649634 0.576377337 -1.99533342 73.92037 0.04969227
3                 age  0.0306528719 0.033205358  0.92313029 74.01112 0.35893909
4         MR_OFCthick -0.5579659292 2.442778524 -0.22841446 73.93571 0.81995462
5              HAMD17  0.0269045584 0.077572321  0.34683194 74.02503 0.72970162
6            hsCRPlow  0.6504118277 0.653513146  0.99525439 72.36320 0.32292900
7               lvpet  0.6475825877 2.001208826  0.32359571 73.93189 0.74715773
8  cognitive_cluster2 -0.3329634426 0.600543631 -0.55443672 72.19280 0.58099358
9  cognitive_cluster3 -1.3052805776 0.672939553 -1.93966987 72.48699 0.05631125
10      EEG_vigilance -0.1954585504 0.483124566 -0.40457175 73.99332 0.68695947
11    CATS_scoretotal -0.0144973847 0.014429375 -1.00471328 74.01236 0.31830848
12           CAR_AUCi  0.0008668785 0.000917322  0.94500999 73.36810 0.34775562
13        neuroticism  0.0104506251 0.016492226  0.63366977 73.99762 0.52825021
> ##                  term      estimate   std.error   statistic       df    p.value
> ## 1         (Intercept) -0.2925515555 7.377320067 -0.03965553 74.00585 0.96847454
> ## 2           sexfemale -1.1500649634 0.576377337 -1.99533342 73.92037 0.04969227
> ## 3                 age  0.0306528719 0.033205358  0.92313029 74.01112 0.35893909
> ## 4         MR_OFCthick -0.5579659292 2.442778524 -0.22841446 73.93571 0.81995462
> ## 5              HAMD17  0.0269045584 0.077572321  0.34683194 74.02503 0.72970162
> ## 6            hsCRPlow  0.6504118277 0.653513146  0.99525439 72.36320 0.32292900
> ## 7               lvpet  0.6475825877 2.001208826  0.32359571 73.93189 0.74715773
> ## 8  cognitive_cluster2 -0.3329634426 0.600543631 -0.55443672 72.19280 0.58099358
> ## 9  cognitive_cluster3 -1.3052805776 0.672939553 -1.93966987 72.48699 0.05631125
> ## 10      EEG_vigilance -0.1954585504 0.483124566 -0.40457175 73.99332 0.68695947
> ## 11    CATS_scoretotal -0.0144973847 0.014429375 -1.00471328 74.01236 0.31830848
> ## 12           CAR_AUCi  0.0008668785 0.000917322  0.94500999 73.36810 0.34775562
> ## 13        neuroticism  0.0104506251 0.016492226  0.63366977 73.99762 0.52825021
> 
> ## with rescaled predictors
> cat(" centered")
 centered> dfWRimp.NP1_w4C <- dfWRimp.NP1_w4
> for(iVar in c("age","MR_OFCthick", "HAMD17", "lvpet", "EEG_vigilance","CATS_scoretotal","CAR_AUCi","neuroticism")){
+     dfWRimp.NP1_w4C$imp[[iVar]] <- (dfWRimp.NP1_w4$imp[[iVar]]-mean(dfWRimp.NP1_w4C$data[[iVar]], na.rm=TRUE))/sd(dfWRimp.NP1_w4C$data[[iVar]], na.rm=TRUE)
+     dfWRimp.NP1_w4C$data[[iVar]] <- (dfWRimp.NP1_w4$data[[iVar]]-mean(dfWRimp.NP1_w4C$data[[iVar]], na.rm=TRUE))/sd(dfWRimp.NP1_w4C$data[[iVar]], na.rm=TRUE)
+ }
> 
> e.glm_impw4C <- with(data = dfWRimp.NP1_w4C,
+                      expr = glm(Y_w4 ~ sex + age + MR_OFCthick + HAMD17 + hsCRP + lvpet + cognitive_cluster + EEG_vigilance + CATS_scoretotal + CAR_AUCi + neuroticism,
+                                 family = binomial(link = "logit"))
+                      )
> 
> 
> ## same p-values except intercept
> ## summary(e.glm_impw4$analyses[[1]])$coef
> ## summary(e.glm_impw4C$analyses[[1]])$coef
> 
> ## summary(pool(e.glm_impw4$analyses))
> ## summary(pool(e.glm_impw4C$analyses))
> cat("\n")

> 
> 
> ## ** week 8
> cat(" - week 8: original")
 - week 8: original> dfWR.NP1_w8 <- dfWR.NP1[!is.na(dfWR.NP1$Y_w8),]
> dfWR.NP1_2impw8 <- dfWR.NP1_w8[,.SD,.SDcols=c("Y_w8", "sex", "age", "MR_OFCthick", "HAMD17", "hsCRP", "lvpet", "cognitive_cluster",
+                                             "EEG_vigilance", "CATS_scoretotal", "CAR_AUCi", "neuroticism")]
> dfWR.NP1_2impw8$hsCRP <- as.factor(dfWR.NP1_2impw8$hsCRP)
> dfWR.NP1_2impw8$cognitive_cluster <- as.factor(dfWR.NP1_2impw8$cognitive_cluster)
> 
> Mlink_w8 <- matrix(0, NCOL(dfWR.NP1_2impw8), NCOL(dfWR.NP1_2impw8), dimnames = list(names(dfWR.NP1_2impw8),names(dfWR.NP1_2impw8)))
> Mlink_w8[setdiff(names(which(colSums(is.na(dfWR.NP1_2impw8))>0)),"Y_w8"),] <- 1
> diag(Mlink_w8) <- 0
> 
> dfWRimp.NP1_w8 <- mice(dfWR.NP1_2impw8,
+                 m=n.imputed,
+                 maxit = 50, # number of iterations to obtain the imputed dataset
+                 predictorMatrix = Mlink_w8,
+                 method = c("","","","","","logreg","norm.predict","polr","norm.predict","norm.predict","norm.predict","norm.predict"), 
+                 seed = 500, printFlag = FALSE)
> ## stripplot(dfWRimp.NP1_w8, hsCRP ~ .imp, pch=20,cex=2)
> ## stripplot(dfWRimp.NP1_w8, lvpet ~ .imp, pch=20,cex=2)
> ## stripplot(dfWRimp.NP1_w8, cognitive_cluster ~ .imp, pch=20,cex=2)
> ## stripplot(dfWRimp.NP1_w8, EEG_vigilance ~ .imp, pch=20,cex=2)
> ## stripplot(dfWRimp.NP1_w8, CATS_scoretotal ~ .imp, pch=20,cex=2)
> ## stripplot(dfWRimp.NP1_w8, CAR_AUCi ~ .imp, pch=20,cex=2)
> ## stripplot(dfWRimp.NP1_w8, neuroticism ~ .imp, pch=20,cex=2)
> 
> e.glm_impw8 <- with(data = dfWRimp.NP1_w8,
+                     glm(Y_w8 ~ sex + age + MR_OFCthick + HAMD17 + hsCRP + lvpet + cognitive_cluster + EEG_vigilance + CATS_scoretotal + CAR_AUCi + neuroticism,
+                         family = binomial(link = "logit"))
+                     )
> summary(pool(e.glm_impw8))
                 term      estimate    std.error  statistic       df    p.value
1         (Intercept)  6.8146907992 7.8156561124  0.8719282 72.90729 0.38610994
2           sexfemale -0.5775349071 0.5927391411 -0.9743492 72.82231 0.33310871
3                 age  0.0545436654 0.0392051209  1.3912383 72.84346 0.16838786
4         MR_OFCthick -4.5808015926 2.7216688067 -1.6830856 72.76326 0.09664484
5              HAMD17  0.0947528635 0.0798313402  1.1869131 72.95785 0.23911230
6            hsCRPlow  0.8939995371 0.6495831068  1.3762666 71.21852 0.17305117
7               lvpet -0.7636105932 2.0664223812 -0.3695327 72.96593 0.71280103
8  cognitive_cluster2 -0.6991237222 0.6318798394 -1.1064188 72.18586 0.27221893
9  cognitive_cluster3 -1.8799217939 0.7109574688 -2.6442113 72.02561 0.01004351
10      EEG_vigilance -1.3386060382 0.5634733888 -2.3756331 72.80351 0.02015285
11    CATS_scoretotal  0.0038587753 0.0141981465  0.2717802 72.96351 0.78655856
12           CAR_AUCi  0.0008391796 0.0008832115  0.9501458 72.24470 0.34520600
13        neuroticism  0.0117843042 0.0174388945  0.6757484 73.05572 0.50133395
> ##                  term      estimate    std.error  statistic       df    p.value
> ## 1         (Interrcept)  6.8146907992 7.8156561124  0.8719282 72.90729 0.38610994
> ## 2           sexfemale -0.5775349071 0.5927391411 -0.9743492 72.82231 0.33310871
> ## 3                 age  0.0545436654 0.0392051209  1.3912383 72.84346 0.16838786
> ## 4         MR_OFCthick -4.5808015926 2.7216688067 -1.6830856 72.76326 0.09664484
> ## 5              HAMD17  0.0947528635 0.0798313402  1.1869131 72.95785 0.23911230
> ## 6            hsCRPlow  0.8939995371 0.6495831068  1.3762666 71.21852 0.17305117
> ## 7               lvpet -0.7636105932 2.0664223812 -0.3695327 72.96593 0.71280103
> ## 8  cognitive_cluster2 -0.6991237222 0.6318798394 -1.1064188 72.18586 0.27221893
> ## 9  cognitive_cluster3 -1.8799217939 0.7109574688 -2.6442113 72.02561 0.01004351
> ## 10      EEG_vigilance -1.3386060382 0.5634733888 -2.3756331 72.80351 0.02015285
> ## 11    CATS_scoretotal  0.0038587753 0.0141981465  0.2717802 72.96351 0.78655856
> ## 12           CAR_AUCi  0.0008391796 0.0008832115  0.9501458 72.24470 0.34520600
> ## 13        neuroticism  0.0117843042 0.0174388945  0.6757484 73.05572 0.50133395
> cat(" centered")
 centered> dfWRimp.NP1_w8C <- dfWRimp.NP1_w8
> for(iVar in c("age","MR_OFCthick", "HAMD17", "lvpet", "EEG_vigilance","CATS_scoretotal","CAR_AUCi","neuroticism")){
+     dfWRimp.NP1_w8C$imp[[iVar]] <- (dfWRimp.NP1_w8$imp[[iVar]]-mean(dfWRimp.NP1_w8C$data[[iVar]], na.rm=TRUE))/sd(dfWRimp.NP1_w8C$data[[iVar]], na.rm=TRUE)
+     dfWRimp.NP1_w8C$data[[iVar]] <- (dfWRimp.NP1_w8$data[[iVar]]-mean(dfWRimp.NP1_w8C$data[[iVar]], na.rm=TRUE))/sd(dfWRimp.NP1_w8C$data[[iVar]], na.rm=TRUE)
+ }
> 
> e.glm_impw8C <- with(data = dfWRimp.NP1_w8C,
+                      expr = glm(Y_w8 ~ sex + age + MR_OFCthick + HAMD17 + hsCRP + lvpet + cognitive_cluster + EEG_vigilance + CATS_scoretotal + CAR_AUCi + neuroticism,
+                                 family = binomial(link = "logit"))
+                      )
> 
> cat("\n")

> 
> ## ** week 12
> cat(" - week 12: original ")
 - week 12: original > dfWR.NP1_w12 <- dfWR.NP1[!is.na(dfWR.NP1$Y_w12),]
> dfWR.NP1_2impw12 <- dfWR.NP1_w12[,.SD,.SDcols=c("Y_w12", "sex", "age", "MR_OFCthick", "HAMD17", "hsCRP", "lvpet", "cognitive_cluster",
+                                             "EEG_vigilance", "CATS_scoretotal", "CAR_AUCi", "neuroticism")]
> dfWR.NP1_2impw12$hsCRP <- as.factor(dfWR.NP1_2impw12$hsCRP)
> dfWR.NP1_2impw12$cognitive_cluster <- as.factor(dfWR.NP1_2impw12$cognitive_cluster)
> 
> Mlink_w12 <- matrix(0, NCOL(dfWR.NP1_2impw12), NCOL(dfWR.NP1_2impw12), dimnames = list(names(dfWR.NP1_2impw12),names(dfWR.NP1_2impw12)))
> Mlink_w12[setdiff(names(which(colSums(is.na(dfWR.NP1_2impw12))>0)),"Y_w12"),] <- 1
> diag(Mlink_w12) <- 0
> 
> dfWRimp.NP1_w12 <- mice(dfWR.NP1_2impw12,
+                         m=n.imputed,
+                         maxit = 50, # number of iterations to obtain the imputed dataset
+                         predictorMatrix = Mlink_w12,
+                         method = c("","","","","","logreg","norm.predict","polr","norm.predict","norm.predict","norm.predict","norm.predict"), 
+                         seed = 500, printFlag = FALSE)
> ## stripplot(dfWRimp.NP1_w12, hsCRP ~ .imp, pch=20,cex=2)
> ## stripplot(dfWRimp.NP1_w12, lvpet ~ .imp, pch=20,cex=2)
> ## stripplot(dfWRimp.NP1_w12, cognitive_cluster ~ .imp, pch=20,cex=2)
> ## stripplot(dfWRimp.NP1_w12, EEG_vigilance ~ .imp, pch=20,cex=2)
> ## stripplot(dfWRimp.NP1_w12, CATS_scoretotal ~ .imp, pch=20,cex=2)
> ## stripplot(dfWRimp.NP1_w12, CAR_AUCi ~ .imp, pch=20,cex=2)
> ## stripplot(dfWRimp.NP1_w12, neuroticism ~ .imp, pch=20,cex=2)
> 
> e.glm_impw12 <- with(data = dfWRimp.NP1_w12,
+                     glm(Y_w12 ~ sex + age + MR_OFCthick + HAMD17 + hsCRP + lvpet + cognitive_cluster + EEG_vigilance + CATS_scoretotal + CAR_AUCi + neuroticism,
+                         family = binomial(link = "logit"))
+                     )
> summary(pool(e.glm_impw12))
                 term     estimate  std.error   statistic       df    p.value
1         (Intercept) 18.484383637 8.94990069  2.06531718 71.01850 0.04254409
2           sexfemale -0.917439878 0.69174839 -1.32626239 70.94739 0.18900657
3                 age  0.092336871 0.06141620  1.50346122 70.99552 0.13715573
4         MR_OFCthick -8.187374622 3.11868954 -2.62526120 70.99624 0.01059592
5              HAMD17  0.070001748 0.08993633  0.77834782 70.94707 0.43895218
6            hsCRPlow  0.541703593 0.76362441  0.70938485 70.29063 0.48043219
7               lvpet  1.197360971 2.36311674  0.50668719 70.98321 0.61394466
8  cognitive_cluster2 -1.232283668 0.77569850 -1.58861165 70.36703 0.11663155
9  cognitive_cluster3 -1.232117605 0.84485370 -1.45837985 70.38349 0.14918403
10      EEG_vigilance -0.105048546 0.57157022 -0.18378940 71.01714 0.85470244
11    CATS_scoretotal  0.035605955 0.01765689  2.01654771 71.06315 0.04752293
12           CAR_AUCi  0.001389549 0.00113572  1.22349596 70.88005 0.22519432
13        neuroticism -0.001218515 0.02078185 -0.05863362 70.92296 0.95340882
> ##                  term     estimate  std.error   statistic       df    p.value
> ## 1         (Intercept) 18.484383637 8.94990069  2.06531718 71.01850 0.04254409
> ## 2           sexfemale -0.917439878 0.69174839 -1.32626239 70.94739 0.18900657
> ## 3                 age  0.092336871 0.06141620  1.50346122 70.99552 0.13715573
> ## 4         MR_OFCthick -8.187374622 3.11868954 -2.62526120 70.99624 0.01059592
> ## 5              HAMD17  0.070001748 0.08993633  0.77834782 70.94707 0.43895218
> ## 6            hsCRPlow  0.541703593 0.76362441  0.70938485 70.29063 0.48043219
> ## 7               lvpet  1.197360971 2.36311674  0.50668719 70.98321 0.61394466
> ## 8  cognitive_cluster2 -1.232283668 0.77569850 -1.58861165 70.36703 0.11663155
> ## 9  cognitive_cluster3 -1.232117605 0.84485370 -1.45837985 70.38349 0.14918403
> ## 10      EEG_vigilance -0.105048546 0.57157022 -0.18378940 71.01714 0.85470244
> ## 11    CATS_scoretotal  0.035605955 0.01765689  2.01654771 71.06315 0.04752293
> ## 12           CAR_AUCi  0.001389549 0.00113572  1.22349596 70.88005 0.22519432
> ## 13        neuroticism -0.001218515 0.02078185 -0.05863362 70.92296 0.95340882
> cat("\n")

> 
> ## with rescaled predictors
> cat(" centered")
 centered> dfWRimp.NP1_w12C <- dfWRimp.NP1_w12
> for(iVar in c("age","MR_OFCthick", "HAMD17", "lvpet", "EEG_vigilance","CATS_scoretotal","CAR_AUCi","neuroticism")){
+     dfWRimp.NP1_w12C$imp[[iVar]] <- (dfWRimp.NP1_w12$imp[[iVar]]-mean(dfWRimp.NP1_w12C$data[[iVar]], na.rm=TRUE))/sd(dfWRimp.NP1_w12C$data[[iVar]], na.rm=TRUE)
+     dfWRimp.NP1_w12C$data[[iVar]] <- (dfWRimp.NP1_w12$data[[iVar]]-mean(dfWRimp.NP1_w12C$data[[iVar]], na.rm=TRUE))/sd(dfWRimp.NP1_w12C$data[[iVar]], na.rm=TRUE)
+ }
> 
> e.glm_impw12C <- with(data = dfWRimp.NP1_w12C,
+                      expr = glm(Y_w12 ~ sex + age + MR_OFCthick + HAMD17 + hsCRP + lvpet + cognitive_cluster + EEG_vigilance + CATS_scoretotal + CAR_AUCi + neuroticism,
+                                 family = binomial(link = "logit"))
+                      )
> 
> 
> cat(" \n")
 
> 
> ## ** trajectory
> cat(" - trajectory: original ")
 - trajectory: original > 
> dfWR.NP1_imptraj <- merge(dfWR.NP1[,.SD,.SDcols=c("CIMBI_ID", "sex", "age", "MR_OFCthick", "HAMD17", "hsCRP", "lvpet", "cognitive_cluster",
+                                                  "EEG_vigilance", "CATS_scoretotal", "CAR_AUCi", "neuroticism")],
+                          df.traj, by = "CIMBI_ID")
> dfWR.NP1_imptraj$Y_traj <- (dfWR.NP1_imptraj$class == 2)
> dfWR.NP1_imptraj$class <- NULL
> dfWR.NP1_imptraj$prob1 <- NULL
> dfWR.NP1_imptraj$prob2 <- NULL
> dfWR.NP1_imptraj$prob3 <- NULL
> 
> dfWR.NP1_imptraj$hsCRP <- as.factor(dfWR.NP1_imptraj$hsCRP)
> dfWR.NP1_imptraj$cognitive_cluster <- as.factor(dfWR.NP1_imptraj$cognitive_cluster)
> 
> Mlink_traj <- matrix(0, NCOL(dfWR.NP1_imptraj), NCOL(dfWR.NP1_imptraj), dimnames = list(names(dfWR.NP1_imptraj),names(dfWR.NP1_imptraj)))
> Mlink_traj[setdiff(names(which(colSums(is.na(dfWR.NP1_imptraj))>0)),"Y_traj"),] <- 1
> diag(Mlink_traj) <- 0
> 
> dfWRimp.NP1_traj <- mice(dfWR.NP1_imptraj,
+                          m=n.imputed,
+                          maxit = 50, # number of iterations to obtain the imputed dataset
+                          predictorMatrix = Mlink_traj,
+                          method = c("","","","norm.predict","norm.predict","logreg","norm.predict","polr","norm.predict","norm.predict","norm.predict","norm.predict",""), 
+                          seed = 500, printFlag = FALSE)
> ## stripplot(dfWRimp.NP1_w12, hsCRP ~ .imp, pch=20,cex=2)
> ## stripplot(dfWRimp.NP1_w12, lvpet ~ .imp, pch=20,cex=2)
> ## stripplot(dfWRimp.NP1_w12, cognitive_cluster ~ .imp, pch=20,cex=2)
> ## stripplot(dfWRimp.NP1_w12, EEG_vigilance ~ .imp, pch=20,cex=2)
> ## stripplot(dfWRimp.NP1_w12, CATS_scoretotal ~ .imp, pch=20,cex=2)
> ## stripplot(dfWRimp.NP1_w12, CAR_AUCi ~ .imp, pch=20,cex=2)
> ## stripplot(dfWRimp.NP1_w12, neuroticism ~ .imp, pch=20,cex=2)
> 
> e.glm_imptraj <- with(data = dfWRimp.NP1_traj,
+                       glm(Y_traj ~ sex + age + MR_OFCthick + HAMD17 + hsCRP + lvpet + cognitive_cluster + EEG_vigilance + CATS_scoretotal + CAR_AUCi + neuroticism,
+                           family = binomial(link = "logit"))
+                       )
> summary(pool(e.glm_imptraj))
                 term      estimate    std.error  statistic       df
1         (Intercept)  9.8139290015 8.4521803128  1.1611121 74.90310
2           sexfemale -1.6525395190 0.5944662252 -2.7798712 74.99537
3                 age  0.0435036220 0.0350011155  1.2429210 75.03565
4         MR_OFCthick -4.7084267209 2.8691600506 -1.6410471 74.90895
5              HAMD17 -0.0259957453 0.0788591851 -0.3296477 74.90546
6            hsCRPlow  1.0286262653 0.6897827342  1.4912323 74.95688
7               lvpet -0.2951078945 2.0820612568 -0.1417383 74.93521
8  cognitive_cluster2 -0.7397624561 0.6449826660 -1.1469494 72.83825
9  cognitive_cluster3 -1.1537758828 0.7126823901 -1.6189202 72.70672
10      EEG_vigilance -1.2609747263 0.6167050064 -2.0446968 74.96140
11    CATS_scoretotal -0.0136444837 0.0163306814 -0.8355122 74.96281
12           CAR_AUCi  0.0008290031 0.0009881389  0.8389540 73.98498
13        neuroticism  0.0188070492 0.0184602843  1.0187844 75.04814
       p.value
1  0.249283302
2  0.006870672
3  0.217766859
4  0.104980110
5  0.742586279
6  0.140097136
7  0.887667068
8  0.255156194
9  0.109794534
10 0.044395999
11 0.406084523
12 0.404197660
13 0.311578439
> ##                  term      estimate    std.error  statistic       df     p.value
> ## 1         (Intercept)  9.8139290015 8.4521803128  1.1611121 74.90310 0.249283302
> ## 2           sexfemale -1.6525395190 0.5944662252 -2.7798712 74.99537 0.006870672
> ## 3                 age  0.0435036220 0.0350011155  1.2429210 75.03565 0.217766859
> ## 4         MR_OFCthick -4.7084267209 2.8691600506 -1.6410471 74.90895 0.104980110
> ## 5              HAMD17 -0.0259957453 0.0788591851 -0.3296477 74.90546 0.742586279
> ## 6            hsCRPlow  1.0286262653 0.6897827342  1.4912323 74.95688 0.140097136
> ## 7               lvpet -0.2951078945 2.0820612568 -0.1417383 74.93521 0.887667068
> ## 8  cognitive_cluster2 -0.7397624561 0.6449826660 -1.1469494 72.83825 0.255156194
> ## 9  cognitive_cluster3 -1.1537758828 0.7126823901 -1.6189202 72.70672 0.109794534
> ## 10      EEG_vigilance -1.2609747263 0.6167050064 -2.0446968 74.96140 0.044395999
> ## 11    CATS_scoretotal -0.0136444837 0.0163306814 -0.8355122 74.96281 0.406084523
> ## 12           CAR_AUCi  0.0008290031 0.0009881389  0.8389540 73.98498 0.404197660
> ## 13        neuroticism  0.0188070492 0.0184602843  1.0187844 75.04814 0.311578439
> cat("\n")

> 
> ## with rescaled predictors
> cat(" centered")
 centered> dfWRimp.NP1_trajC <- dfWRimp.NP1_traj
> for(iVar in c("age","MR_OFCthick", "HAMD17", "lvpet", "EEG_vigilance","CATS_scoretotal","CAR_AUCi","neuroticism")){
+     dfWRimp.NP1_traj$imp[[iVar]] <- (dfWRimp.NP1_traj$imp[[iVar]]-mean(dfWRimp.NP1_trajC$data[[iVar]], na.rm=TRUE))/sd(dfWRimp.NP1_trajC$data[[iVar]], na.rm=TRUE)
+     dfWRimp.NP1_trajC$data[[iVar]] <- (dfWRimp.NP1_traj$data[[iVar]]-mean(dfWRimp.NP1_trajC$data[[iVar]], na.rm=TRUE))/sd(dfWRimp.NP1_trajC$data[[iVar]], na.rm=TRUE)
+ }
> 
> e.glm_imptrajC <- with(data = dfWRimp.NP1_trajC,
+                      expr = glm(Y_traj ~ sex + age + MR_OFCthick + HAMD17 + hsCRP + lvpet + cognitive_cluster + EEG_vigilance + CATS_scoretotal + CAR_AUCi + neuroticism,
+                                 family = binomial(link = "logit"))
+                      )
> 
> 
> cat(" \n")
 
> 
> ## * Simultaneous statistical inference
> cat("\nHypothesis testing: simulatenous inference \n")

Hypothesis testing: simulatenous inference 
> 
> ## ** Complete case
> cat(" - complete case")
 - complete case> 
> ## univariate Wald test
> C_cc <- glht(e.glm_ccw4S)$linfct[nameRT.predictor,]
> glht_cc <- list(week4 = confint(summary(glht(e.glm_ccw4S,C_cc))),
+                 week8 = confint(summary(glht(e.glm_ccw8S,C_cc))),
+                 week12 = confint(summary(glht(e.glm_ccw12S,C_cc))),
+                 traj = confint(summary(glht(e.glm_cctrajS,C_cc)))
+                 )
> 
> 
> 
> dtS.ass_cc <- rbind(cbind(time = "week 4", method = "cc", term = nameRT.predictor,
+                           data.table(summary(e.glm_ccw4S)$coef[nameRT.predictor,-3]),
+                           glht_cc$week4$confint[,2:3], adj.p.value = glht_cc$week4$test$pvalues),
+                     cbind(time = "week 4", method = "cc", term = c("age", "female"),
+                           data.table(summary(e.glm_ccw4S)$coef[c("age","female"),-3]),
+                           lwr = NA, upr = NA, adj.p.value = NA),
+                     cbind(time = "week 8", method = "cc", term = nameRT.predictor,
+                           data.table(summary(e.glm_ccw8S)$coef[nameRT.predictor,-3]),
+                           glht_cc$week8$confint[,2:3], adj.p.value = glht_cc$week8$test$pvalues),
+                     cbind(time = "week 8", method = "cc", term = c("age", "female"),
+                           data.table(summary(e.glm_ccw8S)$coef[c("age","female"),-3]),
+                           lwr = NA, upr = NA, adj.p.value = NA),
+                     cbind(time = "week 12", method = "cc", term = nameRT.predictor,
+                           data.table(summary(e.glm_ccw12S)$coef[nameRT.predictor,-3]),
+                           glht_cc$week12$confint[,2:3], adj.p.value = glht_cc$week12$test$pvalues),
+                     cbind(time = "week 12", method = "cc", term = c("age", "female"),
+                           data.table(summary(e.glm_ccw12S)$coef[c("age","female"),-3]),
+                           lwr = NA, upr = NA, adj.p.value = NA),
+                     cbind(time = "trajectory", method = "cc", term = nameRT.predictor,
+                           data.table(summary(e.glm_cctrajS)$coef[nameRT.predictor,-3]),
+                           glht_cc$traj$confint[,2:3], adj.p.value = glht_cc$traj$test$pvalues),
+                     cbind(time = "trajectory", method = "cc", term = c("age", "female"),
+                           data.table(summary(e.glm_cctrajS)$coef[c("age","female"),-3]),
+                           lwr = NA, upr = NA, adj.p.value = NA))
> 
> names(dtS.ass_cc)[names(dtS.ass_cc)=="Estimate"] <- "estimate"
> names(dtS.ass_cc)[names(dtS.ass_cc)=="Std. Error"] <- "std.error"
> names(dtS.ass_cc)[names(dtS.ass_cc)=="Pr(>|z|)"] <- "p.value"
> names(dtS.ass_cc)[names(dtS.ass_cc)=="lwr"] <- "lower.adj"
> names(dtS.ass_cc)[names(dtS.ass_cc)=="upr"] <- "upper.adj"
> dtS.ass_cc$lower <- dtS.ass_cc$estimate + qnorm(0.025) * dtS.ass_cc$std.error
> dtS.ass_cc$upper <- dtS.ass_cc$estimate + qnorm(0.975) * dtS.ass_cc$std.error
> dtS.ass_cc$time <- factor(dtS.ass_cc$time, levels = rev(as.character(unique(dtS.ass_cc$time))))
> dtS.ass_cc$term <- factor(dtS.ass_cc$term,
+                           levels = c("age","female","MR_OFCthick","HAMD17","low_hsCRP","lvpet","cognitive_cluster2","cognitive_cluster3","EEG_vigilance","CATS","Cortisol","Neuroticism"),     
+                           labels = c("age","female","MR (OFC thickness)","HAMD17","hsCRP","PET (serotonin)","cognition (cluster 2)","cognition (cluster 3)","EEG (vigilance)","CATS","Cortisol","Neuroticism"),     
+                           )
> 
> dtS.ass_cc <- rbind(dtS.ass_cc,
+                     expand.grid(time = c("week 4","week 8", "week 12","trajectory"), method = "cc", term = c("CATS","Cortisol","Neuroticism"),
+                                estimate = NA, std.error = NA, p.value = NA, lower.adj = NA, upper.adj = NA, lower = NA, upper = NA, adj.p.value = NA)
+                     )
> 
> 
> ## max test
> min(glht_cc$week4$test$pvalues)
[1] 0.7240491
> ## [1] 0.7240508
> min(glht_cc$week8$test$pvalues)
[1] 0.1544359
> ## [1] 0.1543613
> min(glht_cc$week12$test$pvalues)
[1] 0.1799001
> ## [1] 0.1798999
> min(glht_cc$traj$test$pvalues)
[1] 0.361288
> ## [1] 0.3008893
> 
> ## multivariate Wald test
> summary(glht_cc$week4, test = Chisqtest())

	 General Linear Hypotheses

Linear Hypotheses:
                        Estimate
MR_OFCthick == 0        -0.06335
HAMD17 == 0             -0.07653
low_hsCRP == 0           0.55787
lvpet == 0               0.08162
cognitive_cluster2 == 0 -0.18641
cognitive_cluster3 == 0 -0.86503
EEG_vigilance == 0      -0.06212

Global Test:
  Chisq DF Pr(>Chisq)
1 3.469  7     0.8385
> ## Global Test:
> ##   Chisq DF Pr(>Chisq)
> ## 1 3.469  7     0.8385
> summary(glht_cc$week8, test = Chisqtest())

	 General Linear Hypotheses

Linear Hypotheses:
                        Estimate
MR_OFCthick == 0         -0.4546
HAMD17 == 0               0.2816
low_hsCRP == 0            0.8238
lvpet == 0               -0.1501
cognitive_cluster2 == 0  -0.5081
cognitive_cluster3 == 0  -1.3911
EEG_vigilance == 0       -0.6594

Global Test:
  Chisq DF Pr(>Chisq)
1 10.61  7     0.1568
> ## Global Test:
> ##   Chisq DF Pr(>Chisq)
> ## 1 10.61  7     0.1568
> summary(glht_cc$week12, test = Chisqtest())

	 General Linear Hypotheses

Linear Hypotheses:
                        Estimate
MR_OFCthick == 0        -0.70721
HAMD17 == 0              0.23537
low_hsCRP == 0           0.59041
lvpet == 0               0.16805
cognitive_cluster2 == 0 -0.87933
cognitive_cluster3 == 0 -0.43560
EEG_vigilance == 0       0.09763

Global Test:
  Chisq DF Pr(>Chisq)
1 7.135  7      0.415
> ## Global Test:
> ##   Chisq DF Pr(>Chisq)
> ## 1 7.135  7      0.415
> summary(glht_cc$traj, test = Chisqtest())

	 General Linear Hypotheses

Linear Hypotheses:
                        Estimate
MR_OFCthick == 0        -0.57904
HAMD17 == 0             -0.14950
low_hsCRP == 0           1.07691
lvpet == 0              -0.03633
cognitive_cluster2 == 0 -0.46571
cognitive_cluster3 == 0 -0.74402
EEG_vigilance == 0      -0.56627

Global Test:
  Chisq DF Pr(>Chisq)
1 8.346  7     0.3031
> ## Global Test:
> ##   Chisq DF Pr(>Chisq)
> ## 1  9.23  7     0.2366
> 
> ## likelihood ratio test
> anova(e.glm_ccw4,e.glm0_ccw4, test = "Chisq")
Analysis of Deviance Table

Model 1: Y_w4 ~ female + age + MR_OFCthick + HAMD17 + low_hsCRP + lvpet + 
    cognitive_cluster2 + cognitive_cluster3 + EEG_vigilance
Model 2: Y_w4 ~ female + age
  Resid. Df Resid. Dev Df Deviance Pr(>Chi)
1        70     99.939                     
2        77    103.744 -7  -3.8045    0.802
> ##   Resid. Df Resid. Dev Df Deviance Pr(>Chi)
> ## 1        68      95.98                     
> ## 2        75     100.77 -7  -4.7862    0.686
> anova(e.glm_ccw8,e.glm0_ccw8, test = "Chisq")
Analysis of Deviance Table

Model 1: Y_w8 ~ female + age + MR_OFCthick + HAMD17 + low_hsCRP + lvpet + 
    cognitive_cluster2 + cognitive_cluster3 + EEG_vigilance
Model 2: Y_w8 ~ female + age
  Resid. Df Resid. Dev Df Deviance Pr(>Chi)  
1        69     92.452                       
2        76    105.838 -7  -13.387  0.06323 .
---
Signif. codes:  0 ‘***’ 0.001 ‘**’ 0.01 ‘*’ 0.05 ‘.’ 0.1 ‘ ’ 1
> ##   Resid. Df Resid. Dev Df Deviance Pr(>Chi)   
> ## 1        65     80.818                        
> ## 2        72    100.696 -7  -19.878  0.00584 **
> anova(e.glm_ccw12,e.glm0_ccw12, test = "Chisq")
Analysis of Deviance Table

Model 1: Y_w12 ~ female + age + MR_OFCthick + HAMD17 + low_hsCRP + lvpet + 
    cognitive_cluster2 + cognitive_cluster3 + EEG_vigilance
Model 2: Y_w12 ~ female + age
  Resid. Df Resid. Dev Df Deviance Pr(>Chi)
1        67     77.716                     
2        74     86.546 -7  -8.8302   0.2651
> ##   Resid. Df Resid. Dev Df Deviance Pr(>Chi)
> ## 1        62     64.376                     
> ## 2        69     76.256 -7   -11.88   0.1046
> anova(e.glm_cctraj,e.glm0_cctraj, test = "Chisq")
Analysis of Deviance Table

Model 1: Y_traj ~ female + age + MR_OFCthick + HAMD17 + low_hsCRP + lvpet + 
    cognitive_cluster2 + cognitive_cluster3 + EEG_vigilance
Model 2: Y_traj ~ female + age
  Resid. Df Resid. Dev Df Deviance Pr(>Chi)
1        71     90.514                     
2        78    100.711 -7  -10.197   0.1777
> ##   Resid. Df Resid. Dev Df Deviance Pr(>Chi)
> ## 1        71     71.611                     
> ## 2        78     82.760 -7  -11.149   0.1323
> 
> 
> ## ** Missing data
> C_imp <- glhtPool(e.glm_impw4C)$linfct[-(1:2),]
> glht_imp <- list(week4 = confint(summary(glhtPool(e.glm_impw4C,C_imp))),
+                  week8 = confint(summary(glhtPool(e.glm_impw8C,C_imp))),
+                  week12 = confint(summary(glhtPool(e.glm_impw12C,C_imp))),
+                  traj = confint(summary(glhtPool(e.glm_imptrajC,C_imp)))
+                  )
> 
> dtS.ass_imp <- rbind(cbind(time = "week 4", method = "MI", data.table(summary(pool(e.glm_impw4C))[-(1:3),], glht_imp$week4$confint[,2:3], adj.p.value = glht_imp$week4$test$pvalues)),
+                      cbind(time = "week 4", method = "MI", data.table(summary(pool(e.glm_impw4C))[2:3,],lwr = NA, upr = NA, adj.p.value = NA)),
+                      cbind(time = "week 8", method = "MI", data.table(summary(pool(e.glm_impw8C))[-(1:3),], glht_imp$week8$confint[,2:3], adj.p.value = glht_imp$week8$test$pvalues)),
+                      cbind(time = "week 8", method = "MI", data.table(summary(pool(e.glm_impw8C))[2:3,],lwr = NA, upr = NA, adj.p.value = NA)),
+                      cbind(time = "week 12", method = "MI", data.table(summary(pool(e.glm_impw12C))[-(1:3),], glht_imp$week12$confint[,2:3], adj.p.value = glht_imp$week12$test$pvalues)),
+                      cbind(time = "week 12", method = "MI", data.table(summary(pool(e.glm_impw12C))[2:3,],lwr = NA, upr = NA, adj.p.value = NA)),
+                      cbind(time = "trajectory", method = "MI", data.table(summary(pool(e.glm_imptrajC))[-(1:3),], glht_imp$traj$confint[,2:3], adj.p.value = glht_imp$traj$test$pvalues)),
+                      cbind(time = "trajectory", method = "MI", data.table(summary(pool(e.glm_imptrajC))[2:3,],lwr = NA, upr = NA, adj.p.value = NA)))
> dtS.ass_imp$lower <- dtS.ass_imp$estimate + qt(0.025, df = dtS.ass_imp$df) * dtS.ass_imp$std.error
> dtS.ass_imp$upper <- dtS.ass_imp$estimate + qt(0.975, df = dtS.ass_imp$df) * dtS.ass_imp$std.error
> names(dtS.ass_imp)[names(dtS.ass_imp)=="lwr"] <- "lower.adj"
> names(dtS.ass_imp)[names(dtS.ass_imp)=="upr"] <- "upper.adj"
> dtS.ass_imp$term <- factor(dtS.ass_imp$term,
+                           levels = c("sexfemale","age","MR_OFCthick","HAMD17","hsCRPlow","lvpet","cognitive_cluster2","cognitive_cluster3","EEG_vigilance","CATS_scoretotal","CAR_AUCi","neuroticism"),     
+                           labels = c("female","age","MR (OFC thickness)","HAMD17","hsCRP","PET (serotonin)","cognition (cluster 2)","cognition (cluster 3)","EEG (vigilance)","CATS","Cortisol","Neuroticism"))
> dtS.ass_imp$time <- factor(dtS.ass_imp$time, levels = rev(as.character(unique(dtS.ass_imp$time))))
> 
> ## max test
> min(glht_imp$week4$test$pvalues)
[1] 0.4105747
> ## [1] 0.4105926
> min(glht_imp$week8$test$pvalues)
[1] 0.09045036
> ## [1] 0.09046179
> min(glht_imp$week12$test$pvalues)
[1] 0.09396276
> ## [1] 0.09403706
> min(glht_imp$traj$test$pvalues)
[1] 0.4019181
> ## [1] 0.2950803
> 
> ## multivariate Wald test
> summary(glht_imp$week4, test = Chisqtest())

	 General Linear Hypotheses

Linear Hypotheses:
                        Estimate
MR_OFCthick == 0        -0.05876
HAMD17 == 0              0.08812
hsCRPlow == 0            0.65041
lvpet == 0               0.08062
cognitive_cluster2 == 0 -0.33296
cognitive_cluster3 == 0 -1.30528
EEG_vigilance == 0      -0.10138
CATS_scoretotal == 0    -0.28135
CAR_AUCi == 0            0.28874
neuroticism == 0         0.20053

Global Test:
  Chisq DF Pr(>Chisq)
1 7.878 10     0.6408
> ## Global Test:
> ##   Chisq DF Pr(>Chisq)
> ## 1 7.878 10     0.6408
> summary(glht_imp$week8, test = Chisqtest())

	 General Linear Hypotheses

Linear Hypotheses:
                        Estimate
MR_OFCthick == 0        -0.48612
HAMD17 == 0              0.32098
hsCRPlow == 0            0.89400
lvpet == 0              -0.09617
cognitive_cluster2 == 0 -0.69912
cognitive_cluster3 == 0 -1.87992
EEG_vigilance == 0      -0.69847
CATS_scoretotal == 0     0.07479
CAR_AUCi == 0            0.28153
neuroticism == 0         0.22613

Global Test:
  Chisq DF Pr(>Chisq)
1  13.3 10     0.2073
> ## Global Test:
> ##   Chisq DF Pr(>Chisq)
> ## 1  13.3 10     0.2073
> summary(glht_imp$week12, test = Chisqtest())

	 General Linear Hypotheses

Linear Hypotheses:
                        Estimate
MR_OFCthick == 0        -0.87021
HAMD17 == 0              0.22865
hsCRPlow == 0            0.54170
lvpet == 0               0.14969
cognitive_cluster2 == 0 -1.23228
cognitive_cluster3 == 0 -1.23212
EEG_vigilance == 0      -0.05549
CATS_scoretotal == 0     0.69398
CAR_AUCi == 0            0.46282
neuroticism == 0        -0.02338

Global Test:
  Chisq DF Pr(>Chisq)
1 12.19 10     0.2725
> ## Global Test:
> ##   Chisq DF Pr(>Chisq)
> ## 1 12.19 10     0.2725
> summary(glht_imp$traj, test = Chisqtest())

	 General Linear Hypotheses

Linear Hypotheses:
                         Estimate
MR_OFCthick == 0        -0.566733
HAMD17 == 0              0.025725
hsCRPlow == 0            1.253840
lvpet == 0               0.048261
cognitive_cluster2 == 0 -0.785645
cognitive_cluster3 == 0 -1.039018
EEG_vigilance == 0      -0.606744
CATS_scoretotal == 0    -0.029002
CAR_AUCi == 0            0.003302
neuroticism == 0        -0.003266

Global Test:
  Chisq DF Pr(>Chisq)
1 10.71 10     0.3809
> ## Global Test:
> ##   Chisq DF Pr(>Chisq)
> ## 1 11.75 10     0.3022
> 
> ## * export
> save.image(file = file.path(path.results,"test.Rdata"))
> 
> ## * sessionInfo
> sessionInfo()
R version 4.1.2 (2021-11-01)
Platform: x86_64-pc-linux-gnu (64-bit)
Running under: Red Hat Enterprise Linux 8.5 (Ootpa)

Matrix products: default
BLAS:   /opt/software/R/4.1.2/lib64/R/lib/libRblas.so
LAPACK: /opt/software/R/4.1.2/lib64/R/lib/libRlapack.so

locale:
 [1] LC_CTYPE=en_US.UTF-8       LC_NUMERIC=C              
 [3] LC_TIME=en_US.UTF-8        LC_COLLATE=en_US.UTF-8    
 [5] LC_MONETARY=en_US.UTF-8    LC_MESSAGES=en_US.UTF-8   
 [7] LC_PAPER=en_US.UTF-8       LC_NAME=C                 
 [9] LC_ADDRESS=C               LC_TELEPHONE=C            
[11] LC_MEASUREMENT=en_US.UTF-8 LC_IDENTIFICATION=C       

attached base packages:
[1] stats     graphics  grDevices utils     datasets  methods   base     

other attached packages:
 [1] lava_1.6.10       pbapply_1.5-0     multcomp_1.4-18   TH.data_1.1-0    
 [5] MASS_7.3-54       survival_3.2-13   mvtnorm_1.1-3     mice_3.14.0      
 [9] mgcv_1.8-38       nlme_3.1-153      ranger_0.13.1     data.table_1.14.2

loaded via a namespace (and not attached):
 [1] Rcpp_1.0.8.3       pillar_1.7.0       compiler_4.1.2     tools_4.1.2       
 [5] digest_0.6.29      lifecycle_1.0.1    tibble_3.1.6       lattice_0.20-45   
 [9] pkgconfig_2.0.3    rlang_1.0.2        Matrix_1.3-4       cli_3.2.0         
[13] parallel_4.1.2     stringr_1.4.0      withr_2.5.0        dplyr_1.0.8       
[17] globals_0.14.0     generics_0.1.2     vctrs_0.4.1        grid_4.1.2        
[21] tidyselect_1.1.2   glue_1.6.2         listenv_0.8.0      R6_2.5.1          
[25] parallelly_1.31.0  future.apply_1.8.1 fansi_1.0.3        purrr_0.3.4       
[29] tidyr_1.2.0        magrittr_2.0.3     codetools_0.2-18   backports_1.4.1   
[33] ellipsis_0.3.2     splines_4.1.2      future_1.24.0      sandwich_3.0-1    
[37] utf8_1.2.2         stringi_1.7.6      broom_0.7.12       crayon_1.5.1      
[41] zoo_1.8-10        
> 
> 
> ##----------------------------------------------------------------------
> ### analysis-test.R ends here
> 
> proc.time()
   user  system elapsed 
992.342  10.215 911.351 
